{
  "summary": "Patient is stable after follow-up with improved symptom control.",
  "patient_friendly": "Patient is stable after follow-up with improved symptom control.",
  "recommendations": [
    "Schedule a blood pressure check in 2 weeks.",
    "Encourage continued hydration and rest."
  ],
  "warnings": [
    "Monitor for recurring headaches or dizziness."
  ]
}
